Compiling 1 files with Solc 0.8.24
Solc 0.8.24 finished in 7.41s
Compiler run successful with warnings:
Warning (5667): Unused function parameter. Remove or comment out the variable name to silence this warning.
   --> contracts/GravitasPolicyRegistry.sol:111:42:
    |
111 |     function checkSubscriptionCompliance(address subscriber, address subscriptionToken)
    |                                          ^^^^^^^^^^^^^^^^^^


Ran 3 tests for test/GravitasPolicyRegistryMultisig.t.sol:GravitasPolicyRegistryMultisigTest
[PASS] test_Ownable2Step_AttackerCannotAccept() (gas: 43016)
[PASS] test_Ownable2Step_OnlyOwnerCanPropose() (gas: 13774)
[PASS] test_Ownable2Step_TransferRequiresAcceptance() (gas: 35163)
Suite result: ok. 3 passed; 0 failed; 0 skipped; finished in 642.98µs (329.33µs CPU time)

Ran 1 test for test/foundry/TeleportFlow.t.sol:TeleportFlowTests
[PASS] test_V2_RescueTokens() (gas: 72244)
Suite result: ok. 1 passed; 0 failed; 0 skipped; finished in 761.50µs (79.72µs CPU time)

Ran 6 tests for test/GravitasSubscriptionIntegration.t.sol:GravitasSubscriptionIntegrationTest
[PASS] test_AreTokensCompliant() (gas: 74619)
[PASS] test_CheckSubscriptionCompliance_RevertOnNonCompliantAsset() (gas: 15956)
[PASS] test_CheckSubscriptionCompliance_RevertOnUnauthorizedExecutor() (gas: 20433)
[PASS] test_CheckSubscriptionCompliance_Success() (gas: 22877)
[PASS] test_VerifyAssetCompliance() (gas: 13243)
[PASS] test_VerifyExecutorStatus() (gas: 14990)
Suite result: ok. 6 passed; 0 failed; 0 skipped; finished in 781.88µs (200.84µs CPU time)

Ran 5 tests for test/foundry/PausableTests.t.sol:PausableTests
[PASS] test_Registry_OnlyOwnerCanPause() (gas: 14539)
[PASS] test_Registry_PauseUnpause() (gas: 29424)
[PASS] test_Teleport_MigrationRevertsWhenPaused() (gas: 106940)
[PASS] test_Teleport_OnlyOwnerCanPause() (gas: 14174)
[PASS] test_Teleport_PauseUnpause() (gas: 19795)
Suite result: ok. 5 passed; 0 failed; 0 skipped; finished in 525.45µs (197.00µs CPU time)

Ran 18 tests for test/foundry/TeleportTests.t.sol:TeleportTests
[PASS] test_Registry_RevertOnNonOwner() (gas: 25783)
[PASS] test_Registry_RevertOnZeroAddress() (gas: 21936)
[PASS] test_Registry_SetExecutor() (gas: 66925)
[PASS] test_Registry_SetRouter() (gas: 67000)
[PASS] test_Registry_VerifyFunctions() (gas: 24118)
[PASS] test_Registry_Versioning() (gas: 70025)
[PASS] test_V2_RescueTokens_NonOwner() (gas: 15995)
[PASS] test_V2_RevertOnExpiredDeadline() (gas: 26424)
[PASS] test_V2_RevertOnNonAuthorized() (gas: 24541)
[PASS] test_V2_RevertOnNonCompliant() (gas: 33809)
[PASS] test_V2_RevertOnUnauthorizedRouter() (gas: 29597)
[PASS] test_V2_SetPolicy() (gas: 25675)
[PASS] test_V2_SetPolicy_Revert() (gas: 21074)
[PASS] test_V3_NonAuthorized() (gas: 25091)
[PASS] test_V3_RevertOnDeadline() (gas: 24918)
[PASS] test_V3_RevertOnInvalidFee() (gas: 25219)
[PASS] test_V3_RevertOnInvalidTickSpacing() (gas: 26419)
[PASS] test_V3_RevertOnZeroSlippage() (gas: 26201)
Suite result: ok. 18 passed; 0 failed; 0 skipped; finished in 1.64ms (612.63µs CPU time)

Ran 10 tests for test/foundry/TeleportV2FullFlow.t.sol:TeleportV2FullFlowTests
[PASS] test_V2_CooldownEnforcement() (gas: 5392239)
[PASS] test_V2_DustRefund() (gas: 5290307)
[PASS] test_V2_FullMigrationFlow_MaxMoveBpsEnforcement() (gas: 5339340)
[PASS] test_V2_OwnerCanExecute() (gas: 5283617)
[PASS] test_V2_PolicyUpdate() (gas: 25711)
[PASS] test_V2_RescueTokens() (gas: 46015)
[PASS] test_V2_RevertOnBadSupply() (gas: 4871944)
[PASS] test_V2_RevertOnPairNotFound() (gas: 3456664)
[PASS] test_V2_RevertOnZeroRegistry() (gas: 126941)
[PASS] test_V2_SafeERC20Paths() (gas: 5288155)
Suite result: ok. 10 passed; 0 failed; 0 skipped; finished in 3.28ms (3.97ms CPU time)

Ran 15 tests for test/foundry/TeleportV3FullFlow.t.sol:TeleportV3FullFlowTests
[PASS] test_V3_AllValidFeeTiers() (gas: 1864027)
[PASS] test_V3_ConstructorValidation() (gas: 256046)
[PASS] test_V3_DustRefund_WithDust() (gas: 4688595)
[PASS] test_V3_DustRefund_ZeroDust() (gas: 572191)
[PASS] test_V3_FullMigration_NoSwap() (gas: 568792)
[PASS] test_V3_FullMigration_WithSwap() (gas: 610027)
[PASS] test_V3_ModifiedParams() (gas: 314400)
[PASS] test_V3_NonceReplayProtection() (gas: 737653)
[PASS] test_V3_OnERC721Received() (gas: 6010)
[PASS] test_V3_OwnerCanExecute() (gas: 568568)
[PASS] test_V3_RevertOnInvalidTicks() (gas: 285730)
[PASS] test_V3_RevertOnNonCompliantAssets() (gas: 851224)
[PASS] test_V3_RevertOnSwapExceedsAvailable() (gas: 380346)
[PASS] test_V3_RevertOnUnsupportedFee() (gas: 285221)
[PASS] test_V3_WrongSigner() (gas: 312377)
Suite result: ok. 15 passed; 0 failed; 0 skipped; finished in 3.58ms (8.75ms CPU time)

Ran 2 tests for test/foundry/GravitasInvariants.t.sol:GravitasInvariants
[PASS] testFuzz_ComplianceInvariant(address) (runs: 256, μ: 41534, ~: 41534)
[PASS] test_AssetIntegrityInvariant() (gas: 17452)
Suite result: ok. 2 passed; 0 failed; 0 skipped; finished in 15.29ms (14.01ms CPU time)

Ran 8 test suites in 16.59ms (26.50ms CPU time): 60 tests passed, 0 failed, 0 skipped (60 total tests)
